[0m[2J[H [1;30mษออออออออออออออออออออออออออออออออออออออออออออออออออออออออออออออออออออออออออออป  บ         [0;34m.  [1;37mÛÛÛ            *                      [36m.                         [30mบ  [0mÛ   [1;33m*       [37mÛÛÛฑÛ     [0;31mÛÛ            [1m^^                 [0;31mÛÛ        [1;33m*       [34m+   [0mÛ
 [1;30mบ  [0;34m^[1m^       [37mÛÛÛฑ[0;31mÛÛÛ     ÛÛÛÛ    [1mÛÛ       ^^        [0;31mÛÛÛÛ    ÛÛÛ          [34m^[1m^   [30mบ  [0mÛ [1;30m฿Û฿Û        [0;31mÛฒ ฒฑÛฑฒ ฒฑ ฑฒÛฒÛÛ  [1mÛÛ  ฒฒฒ [33mÛ฿    [0;31mฑฒÛฒฑ ฑฒÛฒฑ ฑฒÛÛÛ      [1;30m฿Û฿Û  [0mÛ
 [1;30mบ ณ  ณ     [0;31mÛÛÛ  ฒฑ ฑฒ ฒฑÛฑฒ ฒฑ  ÛÛ[1m^[0;31mÛ[1mÛÛÛÛÛÛ  [37m>>[31m^[0;31mÛฒ ฒฑ ฑฒÛฒฑ ฑฒ    ÛÛ    [1;30mณ  ณ  บ  [0mÛ [1;30mณฒ[0mฐ[1;30mณ   [0;31mÛÛ       ฑฒ ฒฑ ฑฒÛฒฑ       ÛÛÛ   [1mÛÛÛÛ[33mÛÛ [0;31mฒฑÛฑฒ ฒฑ ฑฒ   [1;33m+   [0;31mÛÛÛ [1;30mณฒ[0mฐ[1;30mณ  [0mÛ
 [1;30mบ ณ  ณ [0;31mÛÛ         ฒ ฒฑ ฑฒ ฒฑ ฑÛ                 [1;33mÛÛฒ*[0;33mฒ [31mฒฑ[1;33m*[0;31mฑฒ    [1;33m*      [0;31mÛÛ  [1;30mณ  บ  [0mÛ [1;30mณฒ ณ                                          [0;33mฒ[1;31mฑ [33mฐ ÛÛ[0;33mÛ[1;31mฒฑ[0;31mฒ[1mÛ[0;33mฑ          [1;30mณฒ ณ  [0mÛ
 [1;30mบ ณ [0mฐ[1;30mณ     [0;36mฤฤฤฤฤฤอฤฤฤฤฤฤฤฤอฤฤฤฤฤฤฤฤอฤฤ[1mþþ[0;36mฤฤฤฤอฤฤฤฤฤฤฤฤอฤฤฤฤฤฤฤฤอฤฤฤฤ    [1;30mณ [0mฐ[1;30mณ  บ  บ ÜÜÜÜ  [33mฒ   ฒ ฒ   ฒ ฒ   ฒ ฒÛÛÛ  ฒÛÛÛ  ฒÛÛÛฒ ฒÛÛÛ   ÛÛÛ  ฒÛÛÛ  ฒ   ฒ    [30mÜÜÜÜ  บ  บ       [33mÛÛ ฒÛ ÛÛ ฒÛ Û   Û Û   Û Û   Û Û     Û   Û Û   Û Û   Û ÛÛ  Û          [30mบ  บ       [0;33mÛ ฒ Û Û ฒ Û Û   Û Û   Û Û   Û Û     Û   Û Û   Û Û   Û Û ฒ Û          [1;30mบ  บ       [0;33mÛ   Û Û   Û Û   Û Û   Û ÛฒÛÛ  ÛฒÛÛ  ÛฒÛÛ  Û   Û ÛฒÛÛ  Û  ÛÛ          [1;30mบ  บ       [31mฒ   ฒ ฒ   ฒ ฒ   ฒ ฒ   ฒ ฒ Û   ฒ     ฒ   ฒ ฒ   ฒ ฒ Û   ฒ   ฒ          [30mบ  [0mÛ       [1;31mÛ   Û Û   Û Û   Û Û   Û Û  ฒ  Û     Û   Û Û   Û Û  ฒ  Û   Û          [0mÛ
 [1;30mบ       [0;31mÛ   Û Û   Û  ÛฒÛ  ÛÛฒÛ  Û   Û ÛÛฒÛÛ ÛÛฒÛ   ÛฒÛ  Û   Û Û   Û          [1;30mบ  [0mÛ                     [1mR E B O R N  -  A WORLD OF LEGEND                      [0mÛ
 [1;30mบ            [33m* PERSISTENT WORLD *           * IMMERSIVE ROLEPLAY *           [30mบ  [0mÛ              [1;36m* CUSTOM GUILDS *              * DYNAMIC QUESTS *             [0mÛ
 [1;30mบ                           [37m* CLASSIC MMUD FEEL *                            [30mบ  [0mÛ                  [1;35mForge your legend. The world remembers.                   [0mÛ
 [1;30mบ          [0;36mฤฤฤฤฤฤอฤฤฤฤฤฤฤฤอฤฤฤฤฤฤฤฤอฤฤ[1mþþ[0;36mฤฤฤฤอฤฤฤฤฤฤฤฤอฤฤฤฤฤฤฤฤอฤฤฤฤ          [1;30mบ  ศอออออออออออออออ[36mMMud Reborn BBS  *  Telnet 2323  *  est. 2026[30mออออออออออออออออผ [0m